// Jest Snapshot v1, https://goo.gl/fbAQLP

exports[`renders the UI as expected 1`] = `
<div
  className="Card"
>
  <button
    type="button"
  >
    Delete
  </button>
  <h3>
    Title
    james bond
  </h3>
  <p>
    Testing Card
    lorem ipsum hipster
  </p>
</div>
`;
